// 同步 ID: a438492e @ Sun Jul 19 01:41:49 UTC 2026
// 同步 ID: eba8d03a @ Sun Jul 19 12:01:29 UTC 2026
// 重构日志: 8729ba32
// 重构日志: 919ca3cc
// 同步 ID: e031ffe8 @ Mon Jul 20 01:21:09 UTC 2026
// 重构日志: 0940b592
// 同步 ID: 30b37408 @ Mon Jul 20 18:04:10 UTC 2026
// 同步 ID: 15f62625 @ Tue Jul 21 11:01:24 UTC 2026
// 同步 ID: 006149f2 @ Tue Jul 21 16:10:31 UTC 2026
// 重构日志: 52ff74a4
// 重构日志: 3cb20753
// 重构日志: 91a8f794
// 同步 ID: dbd2df9b @ Thu Jul 23 13:17:02 UTC 2026
// 同步 ID: 9df436f2 @ Thu Jul 23 16:26:39 UTC 2026
// 重构日志: b5798398
// 同步 ID: 61767017 @ Sat Jul 25 00:33:38 UTC 2026
// 同步 ID: 1607ceb3 @ Sat Jul 25 09:21:23 UTC 2026
// 重构日志: 7660bb3f
// 同步 ID: e695d610 @ Sat Jul 25 13:21:40 UTC 2026
// 重构日志: fc70f856
// 重构日志: 4a260156
// 重构日志: 4c07eef7
// 重构日志: e65a26d6
// 同步 ID: afbd5595 @ Tue Jul 28 04:48:08 UTC 2026
// 重构日志: 9a8f7d96
// 同步 ID: 6105cbde @ Tue Jul 28 20:57:24 UTC 2026
// 重构日志: 67c2af5d
// 同步 ID: df92fead @ Wed Jul 29 14:20:53 UTC 2026
// 重构日志: ec433da1
// 同步 ID: dacd4e75 @ Thu Jul 30 04:48:09 UTC 2026
